// Jest Snapshot v1, https://goo.gl/fbAQLP

exports[`Test the rendering of the Card component 1`] = `
<View
  accessible={true}
  focusable={true}
  onClick={[Function]}
  onResponderGrant={[Function]}
  onResponderMove={[Function]}
  onResponderRelease={[Function]}
  onResponderTerminate={[Function]}
  onResponderTerminationRequest={[Function]}
  onStartShouldSetResponder={[Function]}
  style={
    Object {
      "alignItems": "center",
      "borderColor": "#add8e6",
      "borderRadius": 48,
      "borderWidth": 5,
      "flex": 1,
      "height": 512,
      "justifyContent": "center",
      "marginVertical": 36,
      "opacity": 1,
      "padding": 32,
    }
  }
  testID="Card"
>
  <Text
    style={
      Object {
        "alignItems": "center",
        "fontSize": 32,
        "justifyContent": "center",
      }
    }
  >
    <Text
      style={
        Object {
          "fontWeight": "bold",
        }
      }
    />
     
  </Text>
  <Text
    style={
      Object {
        "fontSize": 24,
      }
    }
  />
  <Text
    style={Object {}}
  >
    <Text
      style={
        Object {
          "fontWeight": "bold",
        }
      }
    >
      About me
      

    </Text>
  </Text>
</View>
`;
